[marty@gromit gitpullpush]$ git remote -v
origin  https://github.com/git4impatient/gitpullpush (fetch)
origin  https://github.com/git4impatient/gitpullpush (push)
[marty@gromit gitpullpush]$ git status
# On branch master
# Untracked files:
#   (use "git add <file>..." to include in what will be committed)
#
#       newfile
nothing added to commit but untracked files present (use "git add" to track)
[marty@gromit gitpullpush]$ git pull https://github.com/git4impatient/gitpullpush
remote: Enumerating objects: 5, done.
remote: Counting objects: 100% (5/5), done.
remote: Compressing objects: 100% (3/3), done.
remote: Total 3 (delta 1), reused 0 (delta 0), pack-reused 0
Unpacking objects: 100% (3/3), done.
From https://github.com/git4impatient/gitpullpush
 * branch            HEAD       -> FETCH_HEAD
Updating 1d017bc..17b2b35
Fast-forward
 samplegitcommands | 5 +++++
 1 file changed, 5 insertions(+)
[marty@gromit gitpullpush]$ git status
# On branch master
# Your branch is ahead of 'origin/master' by 1 commit.
#   (use "git push" to publish your local commits)
#
# Untracked files:
#   (use "git add <file>..." to include in what will be committed)
#
#       newfile
nothing added to commit but untracked files present (use "git add" to track)
[marty@gromit gitpullpush]$ cat >> samplegitcommands 

 git pull https://github.com/git4impatient/gitpullpush


remote: Enumerating objects: 5, done.
remote: Counting objects: 100% (5/5), done.
remote: Compressing objects: 100% (3/3), done.
remote: Total 3 (delta 1), reused 0 (delta 0), pack-reused 0
Unpacking objects: 100% (3/3), done.
From https://github.com/git4impatient/gitpullpush
 * branch            HEAD       -> FETCH_HEAD
Updating 1d017bc..17b2b35
Fast-forward
 samplegitcommands | 5 +++++
 1 file changed, 5 insertions(+)
[marty@gromit gitpullpush]$ git status
# On branch master
# Your branch is ahead of 'origin/master' by 1 commit.
#   (use "git push" to publish your local commits)
#
# Untracked files:
#   (use "git add <file>..." to include in what will be committed)
#
#       newfile
nothing added to commit but untracked files present (use "git add" to track)


# so now add the file 
[marty@gromit gitpullpush]$ git add --all
[marty@gromit gitpullpush]$ git status
# On branch master
# Your branch is ahead of 'origin/master' by 1 commit.
#   (use "git push" to publish your local commits)
#
# Changes to be committed:
#   (use "git reset HEAD <file>..." to unstage)
#
#       new file:   foo/a
#       new file:   newfile
#       modified:   samplegitcommands
#

[marty@gromit gitpullpush]$ git commit -m "update current branch with new files and changes"
[master 4b0dcaf] update current branch with new files and changes
 Committer: m <marty@gromit.lurie.biz>
Your name and email address were configured automatically based
on your username and hostname. Please check that they are accurate.
You can suppress this message by setting them explicitly:

    git config --global user.name "Your Name"
    git config --global user.email you@example.com

    git config --global user.name "Your Name"
    git config --global user.email you@example.com

After doing this, you may fix the identity used for this commit with:

    git commit --amend --reset-author

 3 files changed, 28 insertions(+)
 create mode 100644 foo/a
 create mode 100644 newfile


[marty@gromit gitpullpush]$ git push -u origin master
Username for 'https://github.com': git4impatient
Password for 'https://git4impatient@github.com':
Counting objects: 7, done.
Delta compression using up to 8 threads.
Compressing objects: 100% (3/3), done.
Writing objects: 100% (5/5), 948 bytes | 0 bytes/s, done.
Total 5 (delta 0), reused 0 (delta 0)
To https://github.com/git4impatient/gitpullpush
   17b2b35..4b0dcaf  master -> master
Branch master set up to track remote branch master from origin.



